// Jest Snapshot v1, https://goo.gl/fbAQLP

exports[`it renders 1`] = `
<ul
  className="pager"
>
  <li
    className="first disabled"
    onClick={[Function]}
  >
    <a>
      First
    </a>
  </li>
  <li
    className="back disabled"
    onClick={[Function]}
  >
    <a>
      Back
    </a>
  </li>
  <li
    className="current"
  >
    <a>
      1 of 1
    </a>
  </li>
  <li
    className="next disabled"
    onClick={[Function]}
  >
    <a>
      Next
    </a>
  </li>
  <li
    className="last disabled"
    onClick={[Function]}
  >
    <a>
      Last
    </a>
  </li>
</ul>
`;
