// Jest Snapshot v1, https://goo.gl/fbAQLP

exports[`it renders 1`] = `
.c0 {
  font-family: Courier,'New Courier',monospace;
  font-size: 0.8em;
  text-align: left;
  white-space: pre-wrap;
  width: 100%;
  word-wrap: break-word;
  background-color: black;
  color: green;
  padding: 20px;
  tabsize: 1;
}

<pre
  className="c0"
/>
`;
