// Jest Snapshot v1, https://goo.gl/fbAQLP

exports[`it renders 1`] = `
<span
  className="loader_wrapper"
  style={
    Object {
      "display": "block",
      "margin": "20px",
      "textAlign": "center",
    }
  }
>
  <span
    className="loader_dot_dark"
  />
  <span
    className="loader_dot_dark"
  />
  <span
    className="loader_dot_dark"
  />
</span>
`;
